time,gate,raw_class,raw_prob,smoothed_conf,triggered,alt,speed,probs
14:21:44,GROUNDED,Normal,0.9889,0.0000,ok,0.0,0.02,Normal=0.989 RC_Hijack=0.003 Mode_Force=0.005 GPS_Spoof=0.002 Disarm=0.001
14:21:44,GROUNDED,Normal,0.9889,0.0000,ok,0.0,0.02,Normal=0.989 RC_Hijack=0.003 Mode_Force=0.005 GPS_Spoof=0.002 Disarm=0.001
14:21:44,GROUNDED,Normal,0.9889,0.0000,ok,0.0,0.02,Normal=0.989 RC_Hijack=0.003 Mode_Force=0.005 GPS_Spoof=0.002 Disarm=0.001
14:21:44,GROUNDED,Normal,0.9889,0.0000,ok,0.0,0.02,Normal=0.989 RC_Hijack=0.003 Mode_Force=0.005 GPS_Spoof=0.002 Disarm=0.001
14:21:44,GROUNDED,Normal,0.9889,0.0000,ok,0.0,0.02,Normal=0.989 RC_Hijack=0.003 Mode_Force=0.005 GPS_Spoof=0.002 Disarm=0.001
14:21:44,GROUNDED,Normal,0.9889,0.0000,ok,0.0,0.02,Normal=0.989 RC_Hijack=0.003 Mode_Force=0.005 GPS_Spoof=0.002 Disarm=0.001
14:21:44,GROUNDED,Normal,0.9889,0.0000,ok,0.0,0.02,Normal=0.989 RC_Hijack=0.003 Mode_Force=0.005 GPS_Spoof=0.002 Disarm=0.001
14:21:45,GROUNDED,Normal,0.9889,0.0000,ok,0.0,0.02,Normal=0.989 RC_Hijack=0.003 Mode_Force=0.005 GPS_Spoof=0.002 Disarm=0.001
14:21:45,GROUNDED,Normal,0.9889,0.0000,ok,0.0,0.02,Normal=0.989 RC_Hijack=0.003 Mode_Force=0.005 GPS_Spoof=0.002 Disarm=0.001
14:21:45,GROUNDED,Normal,0.9889,0.0000,ok,0.0,0.02,Normal=0.989 RC_Hijack=0.003 Mode_Force=0.005 GPS_Spoof=0.002 Disarm=0.001
14:21:45,GROUNDED,Normal,0.9889,0.0000,ok,0.0,0.02,Normal=0.989 RC_Hijack=0.003 Mode_Force=0.005 GPS_Spoof=0.002 Disarm=0.001
14:21:45,GROUNDED,Normal,0.9889,0.0000,ok,0.0,0.02,Normal=0.989 RC_Hijack=0.003 Mode_Force=0.005 GPS_Spoof=0.002 Disarm=0.001
14:21:45,GROUNDED,Normal,0.9889,0.0000,ok,0.0,0.02,Normal=0.989 RC_Hijack=0.003 Mode_Force=0.005 GPS_Spoof=0.002 Disarm=0.001
14:21:45,GROUNDED,Normal,0.9889,0.0000,ok,0.0,0.02,Normal=0.989 RC_Hijack=0.003 Mode_Force=0.005 GPS_Spoof=0.002 Disarm=0.001
14:21:45,GROUNDED,Normal,0.9889,0.0000,ok,0.0,0.02,Normal=0.989 RC_Hijack=0.003 Mode_Force=0.005 GPS_Spoof=0.002 Disarm=0.001
14:21:46,GROUNDED,Normal,0.9889,0.0000,ok,0.0,0.02,Normal=0.989 RC_Hijack=0.003 Mode_Force=0.005 GPS_Spoof=0.002 Disarm=0.001
14:21:46,GROUNDED,Normal,0.9889,0.0000,ok,0.0,0.02,Normal=0.989 RC_Hijack=0.003 Mode_Force=0.005 GPS_Spoof=0.002 Disarm=0.001
14:21:46,GROUNDED,Normal,0.9889,0.0000,ok,0.0,0.02,Normal=0.989 RC_Hijack=0.003 Mode_Force=0.005 GPS_Spoof=0.002 Disarm=0.001
14:21:46,GROUNDED,Normal,0.9889,0.0000,ok,0.0,0.02,Normal=0.989 RC_Hijack=0.003 Mode_Force=0.005 GPS_Spoof=0.002 Disarm=0.001
14:21:46,GROUNDED,Normal,0.9889,0.0000,ok,0.0,0.02,Normal=0.989 RC_Hijack=0.003 Mode_Force=0.005 GPS_Spoof=0.002 Disarm=0.001
14:21:46,GROUNDED,Normal,0.9889,0.0000,ok,0.0,0.02,Normal=0.989 RC_Hijack=0.003 Mode_Force=0.005 GPS_Spoof=0.002 Disarm=0.001
14:21:46,GROUNDED,Normal,0.9889,0.0000,ok,0.0,0.02,Normal=0.989 RC_Hijack=0.003 Mode_Force=0.005 GPS_Spoof=0.002 Disarm=0.001
14:21:46,GROUNDED,Normal,0.9889,0.0000,ok,0.0,0.02,Normal=0.989 RC_Hijack=0.003 Mode_Force=0.005 GPS_Spoof=0.002 Disarm=0.001
14:21:47,GROUNDED,Normal,0.9889,0.0000,ok,0.0,0.02,Normal=0.989 RC_Hijack=0.003 Mode_Force=0.005 GPS_Spoof=0.002 Disarm=0.001
14:21:47,GROUNDED,Normal,0.9889,0.0000,ok,0.0,0.02,Normal=0.989 RC_Hijack=0.003 Mode_Force=0.005 GPS_Spoof=0.002 Disarm=0.001
14:21:47,GROUNDED,Normal,0.9889,0.0000,ok,0.0,0.02,Normal=0.989 RC_Hijack=0.003 Mode_Force=0.005 GPS_Spoof=0.002 Disarm=0.001
14:21:47,GROUNDED,Normal,0.9889,0.0000,ok,0.0,0.02,Normal=0.989 RC_Hijack=0.003 Mode_Force=0.005 GPS_Spoof=0.002 Disarm=0.001
14:21:47,GROUNDED,Normal,0.9889,0.0000,ok,0.0,0.02,Normal=0.989 RC_Hijack=0.003 Mode_Force=0.005 GPS_Spoof=0.002 Disarm=0.001
14:21:48,GROUNDED,Normal,0.9889,0.0000,ok,0.0,0.02,Normal=0.989 RC_Hijack=0.003 Mode_Force=0.005 GPS_Spoof=0.002 Disarm=0.001
14:21:48,GROUNDED,Normal,0.9889,0.0000,ok,0.0,0.02,Normal=0.989 RC_Hijack=0.003 Mode_Force=0.005 GPS_Spoof=0.002 Disarm=0.001
14:21:48,GROUNDED,Normal,0.9889,0.0000,ok,0.0,0.02,Normal=0.989 RC_Hijack=0.003 Mode_Force=0.005 GPS_Spoof=0.002 Disarm=0.001
14:21:48,GROUNDED,Normal,0.9889,0.0000,ok,0.0,0.02,Normal=0.989 RC_Hijack=0.003 Mode_Force=0.005 GPS_Spoof=0.002 Disarm=0.001
14:21:49,GROUNDED,Normal,0.9889,0.0000,ok,0.0,0.02,Normal=0.989 RC_Hijack=0.003 Mode_Force=0.005 GPS_Spoof=0.002 Disarm=0.001
14:21:49,GROUNDED,Normal,0.9889,0.0000,ok,0.0,0.02,Normal=0.989 RC_Hijack=0.003 Mode_Force=0.005 GPS_Spoof=0.002 Disarm=0.001
14:21:49,GROUNDED,Normal,0.9897,0.0000,ok,0.0,0.02,Normal=0.990 RC_Hijack=0.003 Mode_Force=0.005 GPS_Spoof=0.002 Disarm=0.001
14:21:49,GROUNDED,Normal,0.9907,0.0000,ok,0.0,0.02,Normal=0.991 RC_Hijack=0.002 Mode_Force=0.004 GPS_Spoof=0.002 Disarm=0.001
14:21:50,GROUNDED,Normal,0.9931,0.0000,ok,0.0,0.02,Normal=0.993 RC_Hijack=0.002 Mode_Force=0.003 GPS_Spoof=0.002 Disarm=0.000
14:21:50,GROUNDED,Normal,0.9951,0.0000,ok,0.0,0.10,Normal=0.995 RC_Hijack=0.001 Mode_Force=0.002 GPS_Spoof=0.001 Disarm=0.000
14:21:50,GROUNDED,Normal,0.9967,0.0000,ok,0.1,0.24,Normal=0.997 RC_Hijack=0.001 Mode_Force=0.001 GPS_Spoof=0.001 Disarm=0.000
14:21:50,GROUNDED,Normal,0.9978,0.0000,ok,0.1,0.45,Normal=0.998 RC_Hijack=0.001 Mode_Force=0.001 GPS_Spoof=0.001 Disarm=0.000
14:21:50,GROUNDED,Normal,0.9985,0.0000,ok,0.1,0.45,Normal=0.999 RC_Hijack=0.000 Mode_Force=0.001 GPS_Spoof=0.001 Disarm=0.000
14:21:51,GROUNDED,Normal,0.9989,0.0000,ok,0.4,1.25,Normal=0.999 RC_Hijack=0.000 Mode_Force=0.000 GPS_Spoof=0.000 Disarm=0.000
14:21:51,GROUNDED,Normal,0.9992,0.0000,ok,0.7,1.16,Normal=0.999 RC_Hijack=0.000 Mode_Force=0.000 GPS_Spoof=0.000 Disarm=0.000
14:21:51,GROUNDED,Normal,0.9994,0.0000,ok,1.0,1.33,Normal=0.999 RC_Hijack=0.000 Mode_Force=0.000 GPS_Spoof=0.000 Disarm=0.000
14:21:51,WARMUP,Normal,0.9996,0.0000,ok,1.3,1.59,Normal=1.000 RC_Hijack=0.000 Mode_Force=0.000 GPS_Spoof=0.000 Disarm=0.000
14:21:52,WARMUP,Normal,0.9996,0.0000,ok,1.8,1.84,Normal=1.000 RC_Hijack=0.000 Mode_Force=0.000 GPS_Spoof=0.000 Disarm=0.000
14:21:52,WARMUP,Normal,0.9996,0.0000,ok,1.8,1.84,Normal=1.000 RC_Hijack=0.000 Mode_Force=0.000 GPS_Spoof=0.000 Disarm=0.000
14:21:52,WARMUP,Normal,0.9996,0.0000,ok,2.3,2.10,Normal=1.000 RC_Hijack=0.000 Mode_Force=0.000 GPS_Spoof=0.000 Disarm=0.000
14:21:52,WARMUP,Normal,0.9997,0.0000,ok,2.8,2.35,Normal=1.000 RC_Hijack=0.000 Mode_Force=0.000 GPS_Spoof=0.000 Disarm=0.000
14:21:52,WARMUP,Normal,0.9997,0.0000,ok,3.5,2.49,Normal=1.000 RC_Hijack=0.000 Mode_Force=0.000 GPS_Spoof=0.000 Disarm=0.000
14:21:53,WARMUP,Normal,0.9997,0.0000,ok,4.1,2.53,Normal=1.000 RC_Hijack=0.000 Mode_Force=0.000 GPS_Spoof=0.000 Disarm=0.000
14:21:53,WARMUP,Normal,0.9997,0.0000,ok,4.7,2.53,Normal=1.000 RC_Hijack=0.000 Mode_Force=0.000 GPS_Spoof=0.000 Disarm=0.000
14:21:53,WARMUP,Normal,0.9997,0.0000,ok,5.4,2.51,Normal=1.000 RC_Hijack=0.000 Mode_Force=0.000 GPS_Spoof=0.000 Disarm=0.000
14:21:53,WARMUP,Normal,0.9998,0.0000,ok,6.0,2.48,Normal=1.000 RC_Hijack=0.000 Mode_Force=0.000 GPS_Spoof=0.000 Disarm=0.000
14:21:54,WARMUP,Normal,0.9998,0.0000,ok,6.6,2.47,Normal=1.000 RC_Hijack=0.000 Mode_Force=0.000 GPS_Spoof=0.000 Disarm=0.000
14:21:54,WARMUP,Normal,0.9998,0.0000,ok,7.2,2.46,Normal=1.000 RC_Hijack=0.000 Mode_Force=0.000 GPS_Spoof=0.000 Disarm=0.000
14:21:54,WARMUP,Normal,0.9998,0.0000,ok,7.2,2.46,Normal=1.000 RC_Hijack=0.000 Mode_Force=0.000 GPS_Spoof=0.000 Disarm=0.000
14:21:54,WARMUP,Normal,0.9998,0.0000,ok,7.9,2.46,Normal=1.000 RC_Hijack=0.000 Mode_Force=0.000 GPS_Spoof=0.000 Disarm=0.000
14:21:54,WARMUP,Normal,0.9998,0.0000,ok,8.5,2.46,Normal=1.000 RC_Hijack=0.000 Mode_Force=0.000 GPS_Spoof=0.000 Disarm=0.000
14:21:55,WARMUP,Normal,0.9998,0.0000,ok,9.1,2.47,Normal=1.000 RC_Hijack=0.000 Mode_Force=0.000 GPS_Spoof=0.000 Disarm=0.000
14:21:55,WARMUP,Normal,0.9998,0.0000,ok,9.7,2.46,Normal=1.000 RC_Hijack=0.000 Mode_Force=0.000 GPS_Spoof=0.000 Disarm=0.000
14:21:55,WARMUP,Normal,0.9998,0.0000,ok,10.3,2.34,Normal=1.000 RC_Hijack=0.000 Mode_Force=0.000 GPS_Spoof=0.000 Disarm=0.000
14:21:55,WARMUP,Normal,0.9998,0.0000,ok,10.3,2.34,Normal=1.000 RC_Hijack=0.000 Mode_Force=0.000 GPS_Spoof=0.000 Disarm=0.000
14:21:55,WARMUP,Normal,0.9998,0.0000,ok,10.9,2.12,Normal=1.000 RC_Hijack=0.000 Mode_Force=0.000 GPS_Spoof=0.000 Disarm=0.000
14:21:56,WARMUP,Normal,0.9998,0.0000,ok,11.4,1.86,Normal=1.000 RC_Hijack=0.000 Mode_Force=0.000 GPS_Spoof=0.000 Disarm=0.000
14:21:56,WARMUP,Normal,0.9998,0.0000,ok,11.8,1.59,Normal=1.000 RC_Hijack=0.000 Mode_Force=0.000 GPS_Spoof=0.000 Disarm=0.000
14:21:56,WARMUP,Normal,0.9998,0.0000,ok,12.2,1.32,Normal=1.000 RC_Hijack=0.000 Mode_Force=0.000 GPS_Spoof=0.000 Disarm=0.000
14:21:56,WARMUP,Normal,0.9998,0.0000,ok,12.2,1.32,Normal=1.000 RC_Hijack=0.000 Mode_Force=0.000 GPS_Spoof=0.000 Disarm=0.000
14:21:56,WARMUP,Normal,0.9998,0.0000,ok,12.5,1.06,Normal=1.000 RC_Hijack=0.000 Mode_Force=0.000 GPS_Spoof=0.000 Disarm=0.000
14:21:57,WARMUP,Normal,0.9998,0.0000,ok,12.7,0.80,Normal=1.000 RC_Hijack=0.000 Mode_Force=0.000 GPS_Spoof=0.000 Disarm=0.000
14:21:57,WARMUP,Normal,0.9998,0.0000,ok,12.9,0.55,Normal=1.000 RC_Hijack=0.000 Mode_Force=0.000 GPS_Spoof=0.000 Disarm=0.000
14:21:57,WARMUP,Normal,0.9998,0.0000,ok,13.0,0.31,Normal=1.000 RC_Hijack=0.000 Mode_Force=0.000 GPS_Spoof=0.000 Disarm=0.000
14:21:57,WARMUP,Normal,0.9998,0.0000,ok,13.0,0.31,Normal=1.000 RC_Hijack=0.000 Mode_Force=0.000 GPS_Spoof=0.000 Disarm=0.000
14:21:57,WARMUP,Normal,0.9998,0.0000,ok,13.0,0.09,Normal=1.000 RC_Hijack=0.000 Mode_Force=0.000 GPS_Spoof=0.000 Disarm=0.000
14:21:58,WARMUP,Normal,0.9998,0.0000,ok,13.0,0.04,Normal=1.000 RC_Hijack=0.000 Mode_Force=0.000 GPS_Spoof=0.000 Disarm=0.000
14:21:58,WARMUP,Normal,0.9998,0.0000,ok,13.0,0.05,Normal=1.000 RC_Hijack=0.000 Mode_Force=0.000 GPS_Spoof=0.000 Disarm=0.000
14:21:58,WARMUP,Normal,0.9997,0.0000,ok,13.0,0.04,Normal=1.000 RC_Hijack=0.000 Mode_Force=0.000 GPS_Spoof=0.000 Disarm=0.000
14:21:58,WARMUP,Normal,0.9997,0.0000,ok,13.0,0.03,Normal=1.000 RC_Hijack=0.000 Mode_Force=0.000 GPS_Spoof=0.000 Disarm=0.000
14:21:58,WARMUP,Normal,0.9997,0.0000,ok,13.0,0.03,Normal=1.000 RC_Hijack=0.000 Mode_Force=0.000 GPS_Spoof=0.000 Disarm=0.000
14:21:59,WARMUP,Normal,0.9997,0.0000,ok,13.0,0.04,Normal=1.000 RC_Hijack=0.000 Mode_Force=0.000 GPS_Spoof=0.000 Disarm=0.000
14:21:59,WARMUP,Normal,0.9997,0.0000,ok,13.0,0.05,Normal=1.000 RC_Hijack=0.000 Mode_Force=0.000 GPS_Spoof=0.000 Disarm=0.000
14:21:59,WARMUP,Normal,0.9997,0.0000,ok,13.0,0.05,Normal=1.000 RC_Hijack=0.000 Mode_Force=0.000 GPS_Spoof=0.000 Disarm=0.000
14:21:59,WARMUP,Normal,0.9997,0.0000,ok,13.0,0.05,Normal=1.000 RC_Hijack=0.000 Mode_Force=0.000 GPS_Spoof=0.000 Disarm=0.000
14:21:59,WARMUP,Normal,0.9997,0.0000,ok,13.0,0.05,Normal=1.000 RC_Hijack=0.000 Mode_Force=0.000 GPS_Spoof=0.000 Disarm=0.000
14:22:00,WARMUP,Normal,0.9997,0.0000,ok,13.0,0.04,Normal=1.000 RC_Hijack=0.000 Mode_Force=0.000 GPS_Spoof=0.000 Disarm=0.000
14:22:00,WARMUP,Normal,0.9997,0.0000,ok,13.0,0.04,Normal=1.000 RC_Hijack=0.000 Mode_Force=0.000 GPS_Spoof=0.000 Disarm=0.000
14:22:00,WARMUP,Normal,0.9997,0.0000,ok,13.0,0.03,Normal=1.000 RC_Hijack=0.000 Mode_Force=0.000 GPS_Spoof=0.000 Disarm=0.000
14:22:00,WARMUP,Normal,0.9997,0.0000,ok,13.0,0.03,Normal=1.000 RC_Hijack=0.000 Mode_Force=0.000 GPS_Spoof=0.000 Disarm=0.000
14:22:00,WARMUP,Normal,0.9996,0.0000,ok,13.0,0.03,Normal=1.000 RC_Hijack=0.000 Mode_Force=0.000 GPS_Spoof=0.000 Disarm=0.000
14:22:01,WARMUP,Normal,0.9996,0.0000,ok,13.0,0.03,Normal=1.000 RC_Hijack=0.000 Mode_Force=0.000 GPS_Spoof=0.000 Disarm=0.000
14:22:01,WARMUP,Normal,0.9995,0.0000,ok,13.0,0.03,Normal=0.999 RC_Hijack=0.000 Mode_Force=0.000 GPS_Spoof=0.000 Disarm=0.000
14:22:01,WARMUP,Normal,0.9995,0.0000,ok,13.0,0.03,Normal=0.999 RC_Hijack=0.000 Mode_Force=0.000 GPS_Spoof=0.000 Disarm=0.000
14:22:01,WARMUP,Normal,0.9994,0.0000,ok,13.0,0.03,Normal=0.999 RC_Hijack=0.000 Mode_Force=0.000 GPS_Spoof=0.000 Disarm=0.000
14:22:01,WARMUP,Normal,0.9994,0.0000,ok,13.0,0.03,Normal=0.999 RC_Hijack=0.000 Mode_Force=0.000 GPS_Spoof=0.000 Disarm=0.000
14:22:02,WARMUP,Normal,0.9994,0.0000,ok,13.0,0.03,Normal=0.999 RC_Hijack=0.000 Mode_Force=0.000 GPS_Spoof=0.000 Disarm=0.000
14:22:02,WARMUP,Normal,0.9994,0.0000,ok,13.0,0.03,Normal=0.999 RC_Hijack=0.000 Mode_Force=0.000 GPS_Spoof=0.000 Disarm=0.000
14:22:02,WARMUP,Normal,0.9995,0.0000,ok,13.0,0.03,Normal=0.999 RC_Hijack=0.000 Mode_Force=0.000 GPS_Spoof=0.000 Disarm=0.000
14:22:02,WARMUP,Normal,0.9994,0.0000,ok,13.0,0.03,Normal=0.999 RC_Hijack=0.000 Mode_Force=0.000 GPS_Spoof=0.000 Disarm=0.000
14:22:03,WARMUP,Normal,0.9994,0.0000,ok,13.0,0.03,Normal=0.999 RC_Hijack=0.000 Mode_Force=0.000 GPS_Spoof=0.000 Disarm=0.000
14:22:03,WARMUP,Normal,0.9994,0.0000,ok,13.0,0.03,Normal=0.999 RC_Hijack=0.000 Mode_Force=0.000 GPS_Spoof=0.000 Disarm=0.000
14:22:03,WARMUP,Normal,0.9994,0.0000,ok,13.0,0.03,Normal=0.999 RC_Hijack=0.000 Mode_Force=0.000 GPS_Spoof=0.000 Disarm=0.000
14:22:03,WARMUP,Normal,0.9994,0.0000,ok,13.0,0.03,Normal=0.999 RC_Hijack=0.000 Mode_Force=0.000 GPS_Spoof=0.000 Disarm=0.000
14:22:03,WARMUP,Normal,0.9994,0.0000,ok,13.0,0.03,Normal=0.999 RC_Hijack=0.000 Mode_Force=0.000 GPS_Spoof=0.000 Disarm=0.000
14:22:04,WARMUP,Normal,0.9994,0.0000,ok,13.0,0.03,Normal=0.999 RC_Hijack=0.000 Mode_Force=0.000 GPS_Spoof=0.000 Disarm=0.000
14:22:04,WARMUP,Normal,0.9994,0.0000,ok,13.0,0.03,Normal=0.999 RC_Hijack=0.000 Mode_Force=0.000 GPS_Spoof=0.000 Disarm=0.000
14:22:04,WARMUP,Normal,0.9994,0.0000,ok,13.0,0.03,Normal=0.999 RC_Hijack=0.000 Mode_Force=0.000 GPS_Spoof=0.000 Disarm=0.000
14:22:04,WARMUP,Normal,0.9994,0.0000,ok,13.0,0.03,Normal=0.999 RC_Hijack=0.000 Mode_Force=0.000 GPS_Spoof=0.000 Disarm=0.000
14:22:04,WARMUP,Normal,0.9994,0.0000,ok,13.0,0.03,Normal=0.999 RC_Hijack=0.000 Mode_Force=0.000 GPS_Spoof=0.000 Disarm=0.000
14:22:05,WARMUP,Normal,0.9994,0.0000,ok,13.0,0.03,Normal=0.999 RC_Hijack=0.000 Mode_Force=0.000 GPS_Spoof=0.000 Disarm=0.000
14:22:05,WARMUP,Normal,0.9994,0.0000,ok,13.0,0.03,Normal=0.999 RC_Hijack=0.000 Mode_Force=0.000 GPS_Spoof=0.000 Disarm=0.000
14:22:05,WARMUP,Normal,0.9994,0.0000,ok,13.0,0.03,Normal=0.999 RC_Hijack=0.000 Mode_Force=0.000 GPS_Spoof=0.000 Disarm=0.000
14:22:05,WARMUP,Normal,0.9994,0.0000,ok,13.0,0.03,Normal=0.999 RC_Hijack=0.000 Mode_Force=0.000 GPS_Spoof=0.000 Disarm=0.000
14:22:05,WARMUP,Normal,0.9994,0.0000,ok,13.0,0.03,Normal=0.999 RC_Hijack=0.000 Mode_Force=0.000 GPS_Spoof=0.000 Disarm=0.000
14:22:06,WARMUP,Normal,0.9994,0.0000,ok,13.0,0.03,Normal=0.999 RC_Hijack=0.000 Mode_Force=0.000 GPS_Spoof=0.000 Disarm=0.000
14:22:06,WARMUP,Normal,0.9994,0.0000,ok,13.0,0.03,Normal=0.999 RC_Hijack=0.000 Mode_Force=0.000 GPS_Spoof=0.000 Disarm=0.000
14:22:06,WARMUP,Normal,0.9994,0.0000,ok,13.0,0.03,Normal=0.999 RC_Hijack=0.000 Mode_Force=0.000 GPS_Spoof=0.000 Disarm=0.000
14:22:06,WARMUP,Normal,0.9993,0.0000,ok,13.0,0.03,Normal=0.999 RC_Hijack=0.000 Mode_Force=0.000 GPS_Spoof=0.000 Disarm=0.000
14:22:06,WARMUP,Normal,0.9992,0.0000,ok,13.0,0.08,Normal=0.999 RC_Hijack=0.000 Mode_Force=0.000 GPS_Spoof=0.000 Disarm=0.000
14:22:07,WARMUP,Normal,0.9992,0.0000,ok,13.0,0.49,Normal=0.999 RC_Hijack=0.000 Mode_Force=0.000 GPS_Spoof=0.000 Disarm=0.000
14:22:07,WARMUP,Normal,0.9995,0.0000,ok,13.0,1.21,Normal=0.999 RC_Hijack=0.000 Mode_Force=0.000 GPS_Spoof=0.000 Disarm=0.000
14:22:07,WARMUP,Normal,0.9997,0.0000,ok,13.0,1.95,Normal=1.000 RC_Hijack=0.000 Mode_Force=0.000 GPS_Spoof=0.000 Disarm=0.000
14:22:07,WARMUP,Normal,0.9998,0.0000,ok,13.0,2.62,Normal=1.000 RC_Hijack=0.000 Mode_Force=0.000 GPS_Spoof=0.000 Disarm=0.000
14:22:08,WARMUP,Normal,0.9998,0.0000,ok,13.0,3.23,Normal=1.000 RC_Hijack=0.000 Mode_Force=0.000 GPS_Spoof=0.000 Disarm=0.000
14:22:08,WARMUP,Normal,0.9998,0.0000,ok,13.0,3.81,Normal=1.000 RC_Hijack=0.000 Mode_Force=0.000 GPS_Spoof=0.000 Disarm=0.000
14:22:08,WARMUP,Normal,0.9998,0.0000,ok,13.0,4.37,Normal=1.000 RC_Hijack=0.000 Mode_Force=0.000 GPS_Spoof=0.000 Disarm=0.000
14:22:08,WARMUP,Normal,0.9998,0.0000,ok,13.0,4.96,Normal=1.000 RC_Hijack=0.000 Mode_Force=0.000 GPS_Spoof=0.000 Disarm=0.000
14:22:09,WARMUP,Normal,0.9997,0.0000,ok,13.0,5.57,Normal=1.000 RC_Hijack=0.000 Mode_Force=0.000 GPS_Spoof=0.000 Disarm=0.000
14:22:09,WARMUP,Normal,0.9995,0.0000,ok,13.0,6.20,Normal=0.999 RC_Hijack=0.000 Mode_Force=0.000 GPS_Spoof=0.000 Disarm=0.000
14:22:09,WARMUP,Normal,0.9996,0.0000,ok,13.0,6.80,Normal=1.000 RC_Hijack=0.000 Mode_Force=0.000 GPS_Spoof=0.000 Disarm=0.000
14:22:09,WARMUP,Normal,0.9995,0.0000,ok,13.0,7.35,Normal=0.999 RC_Hijack=0.000 Mode_Force=0.000 GPS_Spoof=0.000 Disarm=0.000
14:22:09,WARMUP,Normal,0.9991,0.0000,ok,13.0,7.35,Normal=0.999 RC_Hijack=0.000 Mode_Force=0.000 GPS_Spoof=0.001 Disarm=0.000
14:22:10,WARMUP,Normal,0.9982,0.0000,ok,13.0,7.84,Normal=0.998 RC_Hijack=0.000 Mode_Force=0.000 GPS_Spoof=0.002 Disarm=0.000
14:22:10,WARMUP,Normal,0.9963,0.0000,ok,13.0,8.27,Normal=0.996 RC_Hijack=0.000 Mode_Force=0.000 GPS_Spoof=0.003 Disarm=0.000
14:22:10,WARMUP,Normal,0.9936,0.0000,ok,13.0,8.61,Normal=0.994 RC_Hijack=0.000 Mode_Force=0.000 GPS_Spoof=0.006 Disarm=0.000
14:22:10,WARMUP,Normal,0.9837,0.0000,ok,13.0,8.89,Normal=0.984 RC_Hijack=0.000 Mode_Force=0.000 GPS_Spoof=0.016 Disarm=0.000
14:22:11,WARMUP,Normal,0.9784,0.0000,ok,13.0,9.11,Normal=0.978 RC_Hijack=0.000 Mode_Force=0.000 GPS_Spoof=0.021 Disarm=0.000
14:22:11,WARMUP,Normal,0.9601,0.0000,ok,13.0,9.30,Normal=0.960 RC_Hijack=0.000 Mode_Force=0.000 GPS_Spoof=0.039 Disarm=0.000
14:22:11,WARMUP,Normal,0.8990,0.0000,ok,13.0,9.47,Normal=0.899 RC_Hijack=0.001 Mode_Force=0.000 GPS_Spoof=0.099 Disarm=0.001
14:22:11,WARMUP,Normal,0.6507,0.0000,ok,13.0,9.60,Normal=0.651 RC_Hijack=0.001 Mode_Force=0.000 GPS_Spoof=0.347 Disarm=0.001
14:22:12,WARMUP,GPS_Spoof,0.5586,0.0000,ok,13.0,9.72,Normal=0.438 RC_Hijack=0.001 Mode_Force=0.000 GPS_Spoof=0.559 Disarm=0.002
14:22:12,WARMUP,GPS_Spoof,0.6120,0.0000,ok,13.0,9.72,Normal=0.385 RC_Hijack=0.001 Mode_Force=0.000 GPS_Spoof=0.612 Disarm=0.002
14:22:12,WARMUP,GPS_Spoof,0.6817,0.0000,ok,13.0,9.81,Normal=0.315 RC_Hijack=0.001 Mode_Force=0.000 GPS_Spoof=0.682 Disarm=0.002
14:22:12,WARMUP,GPS_Spoof,0.7624,0.0000,ok,13.0,9.88,Normal=0.234 RC_Hijack=0.001 Mode_Force=0.000 GPS_Spoof=0.762 Disarm=0.002
14:22:12,WARMUP,GPS_Spoof,0.8136,0.0000,ok,13.0,9.95,Normal=0.184 RC_Hijack=0.001 Mode_Force=0.000 GPS_Spoof=0.814 Disarm=0.002
14:22:13,WARMUP,GPS_Spoof,0.8181,0.0000,ok,13.0,10.00,Normal=0.179 RC_Hijack=0.001 Mode_Force=0.000 GPS_Spoof=0.818 Disarm=0.002
14:22:13,WARMUP,GPS_Spoof,0.8316,0.0000,ok,13.0,10.04,Normal=0.166 RC_Hijack=0.001 Mode_Force=0.000 GPS_Spoof=0.832 Disarm=0.002
14:22:13,WARMUP,GPS_Spoof,0.8440,0.0000,ok,13.0,10.08,Normal=0.153 RC_Hijack=0.001 Mode_Force=0.000 GPS_Spoof=0.844 Disarm=0.002
14:22:13,WARMUP,GPS_Spoof,0.8542,0.0000,ok,13.0,10.10,Normal=0.143 RC_Hijack=0.001 Mode_Force=0.000 GPS_Spoof=0.854 Disarm=0.002
14:22:14,WARMUP,GPS_Spoof,0.8590,0.0000,ok,13.0,10.12,Normal=0.139 RC_Hijack=0.001 Mode_Force=0.000 GPS_Spoof=0.859 Disarm=0.002
14:22:14,WARMUP,GPS_Spoof,0.8662,0.0000,ok,13.0,10.14,Normal=0.131 RC_Hijack=0.001 Mode_Force=0.000 GPS_Spoof=0.866 Disarm=0.002
14:22:14,WARMUP,GPS_Spoof,0.8768,0.0000,ok,13.0,10.15,Normal=0.121 RC_Hijack=0.001 Mode_Force=0.000 GPS_Spoof=0.877 Disarm=0.002
14:22:14,WARMUP,GPS_Spoof,0.8826,0.0000,ok,13.0,10.16,Normal=0.115 RC_Hijack=0.001 Mode_Force=0.000 GPS_Spoof=0.883 Disarm=0.002
14:22:15,WARMUP,GPS_Spoof,0.8852,0.0000,ok,13.0,10.16,Normal=0.113 RC_Hijack=0.001 Mode_Force=0.000 GPS_Spoof=0.885 Disarm=0.002
14:22:15,WARMUP,GPS_Spoof,0.8790,0.0000,ok,13.0,10.17,Normal=0.119 RC_Hijack=0.001 Mode_Force=0.000 GPS_Spoof=0.879 Disarm=0.002
14:22:15,WARMUP,GPS_Spoof,0.8745,0.0000,ok,13.0,10.17,Normal=0.123 RC_Hijack=0.001 Mode_Force=0.000 GPS_Spoof=0.874 Disarm=0.002
14:22:15,WARMUP,GPS_Spoof,0.8695,0.0000,ok,13.0,10.16,Normal=0.128 RC_Hijack=0.001 Mode_Force=0.000 GPS_Spoof=0.870 Disarm=0.002
14:22:16,WARMUP,GPS_Spoof,0.8753,0.0000,ok,13.0,10.15,Normal=0.122 RC_Hijack=0.001 Mode_Force=0.000 GPS_Spoof=0.875 Disarm=0.002
14:22:16,WARMUP,GPS_Spoof,0.8697,0.0000,ok,13.0,10.14,Normal=0.128 RC_Hijack=0.001 Mode_Force=0.000 GPS_Spoof=0.870 Disarm=0.002
14:22:16,WARMUP,GPS_Spoof,0.8684,0.0000,ok,13.0,10.13,Normal=0.129 RC_Hijack=0.001 Mode_Force=0.000 GPS_Spoof=0.868 Disarm=0.002
14:22:16,WARMUP,GPS_Spoof,0.8639,0.0000,ok,13.0,10.11,Normal=0.134 RC_Hijack=0.001 Mode_Force=0.000 GPS_Spoof=0.864 Disarm=0.002
14:22:17,WARMUP,GPS_Spoof,0.8628,0.0000,ok,13.0,10.10,Normal=0.135 RC_Hijack=0.001 Mode_Force=0.000 GPS_Spoof=0.863 Disarm=0.002
14:22:17,WARMUP,GPS_Spoof,0.8535,0.0000,ok,13.0,10.09,Normal=0.144 RC_Hijack=0.001 Mode_Force=0.000 GPS_Spoof=0.853 Disarm=0.002
14:22:17,WARMUP,GPS_Spoof,0.8475,0.0000,ok,13.0,10.08,Normal=0.150 RC_Hijack=0.001 Mode_Force=0.000 GPS_Spoof=0.848 Disarm=0.002
14:22:17,WARMUP,GPS_Spoof,0.8521,0.0000,ok,13.0,10.07,Normal=0.145 RC_Hijack=0.001 Mode_Force=0.000 GPS_Spoof=0.852 Disarm=0.002
14:22:18,WARMUP,GPS_Spoof,0.8549,0.0000,ok,13.0,10.06,Normal=0.143 RC_Hijack=0.001 Mode_Force=0.000 GPS_Spoof=0.855 Disarm=0.002
14:22:18,WARMUP,GPS_Spoof,0.8507,0.0000,ok,13.0,10.05,Normal=0.147 RC_Hijack=0.001 Mode_Force=0.000 GPS_Spoof=0.851 Disarm=0.002
14:22:18,WARMUP,GPS_Spoof,0.8441,0.0000,ok,13.0,10.05,Normal=0.153 RC_Hijack=0.001 Mode_Force=0.000 GPS_Spoof=0.844 Disarm=0.002
14:22:18,WARMUP,GPS_Spoof,0.8430,0.0000,ok,13.0,10.04,Normal=0.155 RC_Hijack=0.001 Mode_Force=0.000 GPS_Spoof=0.843 Disarm=0.002
14:22:19,WARMUP,GPS_Spoof,0.8409,0.0000,ok,13.0,10.03,Normal=0.157 RC_Hijack=0.001 Mode_Force=0.000 GPS_Spoof=0.841 Disarm=0.002
14:22:19,WARMUP,GPS_Spoof,0.8385,0.0000,ok,13.0,10.03,Normal=0.159 RC_Hijack=0.001 Mode_Force=0.000 GPS_Spoof=0.838 Disarm=0.002
14:22:36,WARMUP,GPS_Spoof,0.7104,0.0000,ok,13.0,10.03,Normal=0.287 RC_Hijack=0.001 Mode_Force=0.000 GPS_Spoof=0.710 Disarm=0.002
14:22:37,GROUNDED,GPS_Spoof,0.5394,0.0000,ok,0.0,0.02,Normal=0.458 RC_Hijack=0.001 Mode_Force=0.000 GPS_Spoof=0.539 Disarm=0.002
14:22:37,GROUNDED,Normal,0.6465,0.0000,ok,0.0,0.02,Normal=0.647 RC_Hijack=0.001 Mode_Force=0.000 GPS_Spoof=0.351 Disarm=0.002
14:22:37,GROUNDED,Normal,0.7571,0.0000,ok,0.0,0.02,Normal=0.757 RC_Hijack=0.001 Mode_Force=0.000 GPS_Spoof=0.240 Disarm=0.001
14:22:37,GROUNDED,Normal,0.7471,0.0000,ok,0.0,0.02,Normal=0.747 RC_Hijack=0.001 Mode_Force=0.001 GPS_Spoof=0.249 Disarm=0.002
14:22:38,GROUNDED,Normal,0.6889,0.0000,ok,0.0,0.02,Normal=0.689 RC_Hijack=0.004 Mode_Force=0.002 GPS_Spoof=0.301 Disarm=0.004
14:22:38,GROUNDED,Normal,0.8072,0.0000,ok,0.0,0.02,Normal=0.807 RC_Hijack=0.013 Mode_Force=0.009 GPS_Spoof=0.162 Disarm=0.009
14:22:38,GROUNDED,Normal,0.6958,0.0000,ok,0.0,0.02,Normal=0.696 RC_Hijack=0.058 Mode_Force=0.229 GPS_Spoof=0.010 Disarm=0.007
14:22:38,GROUNDED,Mode_Force,0.7370,0.0000,ok,0.0,0.02,Normal=0.173 RC_Hijack=0.087 Mode_Force=0.737 GPS_Spoof=0.001 Disarm=0.003
14:22:39,GROUNDED,Mode_Force,0.7968,0.0000,ok,0.0,0.02,Normal=0.115 RC_Hijack=0.086 Mode_Force=0.797 GPS_Spoof=0.000 Disarm=0.002
14:22:39,GROUNDED,Mode_Force,0.8185,0.0000,ok,0.0,0.02,Normal=0.063 RC_Hijack=0.116 Mode_Force=0.818 GPS_Spoof=0.000 Disarm=0.002
14:22:39,GROUNDED,Mode_Force,0.8185,0.0000,ok,0.0,0.02,Normal=0.063 RC_Hijack=0.116 Mode_Force=0.818 GPS_Spoof=0.000 Disarm=0.002
14:22:39,GROUNDED,Mode_Force,0.8185,0.0000,ok,0.0,0.01,Normal=0.063 RC_Hijack=0.116 Mode_Force=0.818 GPS_Spoof=0.000 Disarm=0.002
14:22:40,GROUNDED,Mode_Force,0.8185,0.0000,ok,0.0,0.01,Normal=0.063 RC_Hijack=0.116 Mode_Force=0.819 GPS_Spoof=0.000 Disarm=0.002
14:22:40,GROUNDED,Mode_Force,0.8185,0.0000,ok,0.0,0.01,Normal=0.063 RC_Hijack=0.116 Mode_Force=0.819 GPS_Spoof=0.000 Disarm=0.002
14:22:40,GROUNDED,Mode_Force,0.8185,0.0000,ok,0.0,0.01,Normal=0.063 RC_Hijack=0.116 Mode_Force=0.819 GPS_Spoof=0.000 Disarm=0.002
14:22:40,GROUNDED,Mode_Force,0.8186,0.0000,ok,0.0,0.01,Normal=0.063 RC_Hijack=0.116 Mode_Force=0.819 GPS_Spoof=0.000 Disarm=0.002
14:22:41,GROUNDED,Mode_Force,0.8186,0.0000,ok,0.0,0.01,Normal=0.063 RC_Hijack=0.116 Mode_Force=0.819 GPS_Spoof=0.000 Disarm=0.002
14:22:41,GROUNDED,Mode_Force,0.8186,0.0000,ok,0.0,0.01,Normal=0.063 RC_Hijack=0.116 Mode_Force=0.819 GPS_Spoof=0.000 Disarm=0.002
14:22:41,GROUNDED,Mode_Force,0.8186,0.0000,ok,0.0,0.01,Normal=0.063 RC_Hijack=0.116 Mode_Force=0.819 GPS_Spoof=0.000 Disarm=0.002
14:22:41,GROUNDED,Mode_Force,0.8186,0.0000,ok,0.0,0.01,Normal=0.063 RC_Hijack=0.116 Mode_Force=0.819 GPS_Spoof=0.000 Disarm=0.002
14:22:42,GROUNDED,Mode_Force,0.8186,0.0000,ok,0.0,0.01,Normal=0.063 RC_Hijack=0.116 Mode_Force=0.819 GPS_Spoof=0.000 Disarm=0.002
14:22:42,GROUNDED,Mode_Force,0.8187,0.0000,ok,0.0,0.01,Normal=0.063 RC_Hijack=0.116 Mode_Force=0.819 GPS_Spoof=0.000 Disarm=0.002
14:22:42,GROUNDED,Mode_Force,0.8187,0.0000,ok,0.0,0.01,Normal=0.063 RC_Hijack=0.116 Mode_Force=0.819 GPS_Spoof=0.000 Disarm=0.002
14:22:42,GROUNDED,Mode_Force,0.8187,0.0000,ok,0.0,0.01,Normal=0.063 RC_Hijack=0.116 Mode_Force=0.819 GPS_Spoof=0.000 Disarm=0.002
14:22:43,GROUNDED,Mode_Force,0.8187,0.0000,ok,0.0,0.01,Normal=0.063 RC_Hijack=0.116 Mode_Force=0.819 GPS_Spoof=0.000 Disarm=0.002
14:22:43,GROUNDED,Mode_Force,0.8188,0.0000,ok,0.0,0.01,Normal=0.063 RC_Hijack=0.116 Mode_Force=0.819 GPS_Spoof=0.000 Disarm=0.002
14:22:43,GROUNDED,Mode_Force,0.8188,0.0000,ok,0.0,0.01,Normal=0.063 RC_Hijack=0.116 Mode_Force=0.819 GPS_Spoof=0.000 Disarm=0.002
14:22:43,GROUNDED,Mode_Force,0.8188,0.0000,ok,0.0,0.01,Normal=0.063 RC_Hijack=0.116 Mode_Force=0.819 GPS_Spoof=0.000 Disarm=0.002
14:22:44,GROUNDED,Mode_Force,0.8189,0.0000,ok,0.0,0.01,Normal=0.063 RC_Hijack=0.116 Mode_Force=0.819 GPS_Spoof=0.000 Disarm=0.002
14:22:44,GROUNDED,Mode_Force,0.8189,0.0000,ok,0.0,0.01,Normal=0.063 RC_Hijack=0.116 Mode_Force=0.819 GPS_Spoof=0.000 Disarm=0.002
14:22:44,GROUNDED,Mode_Force,0.8189,0.0000,ok,0.0,0.01,Normal=0.063 RC_Hijack=0.116 Mode_Force=0.819 GPS_Spoof=0.000 Disarm=0.002
14:22:44,GROUNDED,Mode_Force,0.8189,0.0000,ok,0.0,0.01,Normal=0.063 RC_Hijack=0.116 Mode_Force=0.819 GPS_Spoof=0.000 Disarm=0.002
14:22:44,GROUNDED,Mode_Force,0.8189,0.0000,ok,0.0,0.01,Normal=0.063 RC_Hijack=0.116 Mode_Force=0.819 GPS_Spoof=0.000 Disarm=0.002
14:22:45,GROUNDED,Mode_Force,0.8189,0.0000,ok,0.0,0.01,Normal=0.063 RC_Hijack=0.115 Mode_Force=0.819 GPS_Spoof=0.000 Disarm=0.002
14:22:45,GROUNDED,Mode_Force,0.8190,0.0000,ok,0.0,0.00,Normal=0.063 RC_Hijack=0.115 Mode_Force=0.819 GPS_Spoof=0.000 Disarm=0.002
14:22:45,GROUNDED,Mode_Force,0.8190,0.0000,ok,0.0,0.00,Normal=0.063 RC_Hijack=0.115 Mode_Force=0.819 GPS_Spoof=0.000 Disarm=0.002
14:22:45,GROUNDED,Mode_Force,0.8190,0.0000,ok,0.0,0.00,Normal=0.063 RC_Hijack=0.115 Mode_Force=0.819 GPS_Spoof=0.000 Disarm=0.002
14:22:46,GROUNDED,Mode_Force,0.8190,0.0000,ok,0.0,0.00,Normal=0.063 RC_Hijack=0.115 Mode_Force=0.819 GPS_Spoof=0.000 Disarm=0.002
14:22:46,GROUNDED,Mode_Force,0.8190,0.0000,ok,0.0,0.00,Normal=0.063 RC_Hijack=0.115 Mode_Force=0.819 GPS_Spoof=0.000 Disarm=0.002
14:22:46,GROUNDED,Mode_Force,0.8190,0.0000,ok,0.0,0.00,Normal=0.063 RC_Hijack=0.115 Mode_Force=0.819 GPS_Spoof=0.000 Disarm=0.002
14:22:46,GROUNDED,Mode_Force,0.8191,0.0000,ok,0.0,0.00,Normal=0.063 RC_Hijack=0.115 Mode_Force=0.819 GPS_Spoof=0.000 Disarm=0.002
14:22:47,GROUNDED,Mode_Force,0.8191,0.0000,ok,0.0,0.00,Normal=0.063 RC_Hijack=0.115 Mode_Force=0.819 GPS_Spoof=0.000 Disarm=0.002
14:22:47,GROUNDED,Mode_Force,0.8191,0.0000,ok,0.0,0.01,Normal=0.063 RC_Hijack=0.115 Mode_Force=0.819 GPS_Spoof=0.000 Disarm=0.002
14:22:47,GROUNDED,Mode_Force,0.8191,0.0000,ok,0.0,0.01,Normal=0.063 RC_Hijack=0.115 Mode_Force=0.819 GPS_Spoof=0.000 Disarm=0.002
14:22:47,GROUNDED,Mode_Force,0.8191,0.0000,ok,0.0,0.01,Normal=0.063 RC_Hijack=0.115 Mode_Force=0.819 GPS_Spoof=0.000 Disarm=0.002
14:22:48,GROUNDED,Mode_Force,0.8191,0.0000,ok,0.0,0.01,Normal=0.063 RC_Hijack=0.115 Mode_Force=0.819 GPS_Spoof=0.000 Disarm=0.002
14:22:48,GROUNDED,Mode_Force,0.8191,0.0000,ok,0.0,0.01,Normal=0.063 RC_Hijack=0.115 Mode_Force=0.819 GPS_Spoof=0.000 Disarm=0.002
14:22:48,GROUNDED,Mode_Force,0.8191,0.0000,ok,0.0,0.01,Normal=0.063 RC_Hijack=0.115 Mode_Force=0.819 GPS_Spoof=0.000 Disarm=0.002
14:22:48,GROUNDED,Mode_Force,0.8191,0.0000,ok,0.0,0.01,Normal=0.063 RC_Hijack=0.115 Mode_Force=0.819 GPS_Spoof=0.000 Disarm=0.002
14:22:49,GROUNDED,Mode_Force,0.8191,0.0000,ok,0.0,0.01,Normal=0.063 RC_Hijack=0.115 Mode_Force=0.819 GPS_Spoof=0.000 Disarm=0.002
14:22:49,GROUNDED,Mode_Force,0.8191,0.0000,ok,0.0,0.01,Normal=0.063 RC_Hijack=0.115 Mode_Force=0.819 GPS_Spoof=0.000 Disarm=0.002
14:22:49,GROUNDED,Mode_Force,0.8191,0.0000,ok,0.0,0.01,Normal=0.063 RC_Hijack=0.115 Mode_Force=0.819 GPS_Spoof=0.000 Disarm=0.002
14:22:49,GROUNDED,Mode_Force,0.8191,0.0000,ok,0.0,0.01,Normal=0.063 RC_Hijack=0.115 Mode_Force=0.819 GPS_Spoof=0.000 Disarm=0.002
14:22:50,GROUNDED,Mode_Force,0.8191,0.0000,ok,0.0,0.01,Normal=0.063 RC_Hijack=0.115 Mode_Force=0.819 GPS_Spoof=0.000 Disarm=0.002
14:22:50,GROUNDED,Mode_Force,0.8191,0.0000,ok,0.0,0.01,Normal=0.063 RC_Hijack=0.115 Mode_Force=0.819 GPS_Spoof=0.000 Disarm=0.002
14:22:50,GROUNDED,Mode_Force,0.8191,0.0000,ok,0.0,0.01,Normal=0.063 RC_Hijack=0.115 Mode_Force=0.819 GPS_Spoof=0.000 Disarm=0.002
14:22:50,GROUNDED,Mode_Force,0.8191,0.0000,ok,0.0,0.01,Normal=0.063 RC_Hijack=0.115 Mode_Force=0.819 GPS_Spoof=0.000 Disarm=0.002
14:22:51,GROUNDED,Mode_Force,0.8191,0.0000,ok,0.0,0.01,Normal=0.063 RC_Hijack=0.115 Mode_Force=0.819 GPS_Spoof=0.000 Disarm=0.002
14:22:51,GROUNDED,Mode_Force,0.8191,0.0000,ok,0.0,0.01,Normal=0.063 RC_Hijack=0.115 Mode_Force=0.819 GPS_Spoof=0.000 Disarm=0.002
14:22:51,GROUNDED,Mode_Force,0.8191,0.0000,ok,0.0,0.01,Normal=0.063 RC_Hijack=0.115 Mode_Force=0.819 GPS_Spoof=0.000 Disarm=0.002
